[INFO] Scanning for projects...
[INFO] 
[INFO] ----------------------< com.example:Alisam_Codes >----------------------
[INFO] Building Alisam_Codes 0.0.1-SNAPSHOT
[INFO]   from pom.xml
[INFO] --------------------------------[ jar ]---------------------------------
[INFO] 
[INFO] --- resources:3.3.1:resources (default-resources) @ Alisam_Codes ---
[INFO] Copying 1 resource from src\main\resources to target\classes
[INFO] Copying 10 resources from src\main\resources to target\classes
[INFO] 
[INFO] --- compiler:3.14.1:compile (default-compile) @ Alisam_Codes ---
[INFO] Recompiling the module because of changed source code.
[INFO] Compiling 18 source files with javac [debug parameters release 23] to target\classes
[INFO] ------------------------------------------------------------------------
[INFO] BUILD SUCCESS
[INFO] ------------------------------------------------------------------------
[INFO] Total time:  21.709 s
[INFO] Finished at: 2026-03-11T19:00:55+05:30
[INFO] ------------------------------------------------------------------------
